2026-07-23 12:09:23,539 Station_01 simulation/Station_01/isRunning {"isRunning": true}
2026-07-23 12:09:23,540 Station_01 simulation/Station_01/currentSpeed {"currentSpeed": 1.0}
2026-07-23 12:09:23,542 Station_02 simulation/Station_02/isRunning {"isRunning": true}
2026-07-23 12:09:23,543 Station_02 simulation/Station_02/currentSpeed {"currentSpeed": 1.0}
2026-07-23 12:09:23,596 Station_01 simulation/Station_01/boxDetected {"boxDetected": false}
2026-07-23 12:09:23,596 Station_02 simulation/Station_02/boxDetected {"boxDetected": false}
2026-07-23 12:09:23,597 Station_01 simulation/Station_01/isMoving {"isMoving": false}
2026-07-23 12:09:23,597 Station_02 simulation/Station_02/isMoving {"isMoving": false}
2026-07-23 12:09:49,372 Station_01 simulation/Station_01/boxDetected {"boxDetected": true}
2026-07-23 12:09:49,373 Station_02 simulation/Station_02/boxDetected {"boxDetected": true}
2026-07-23 12:09:49,374 Station_01 simulation/Station_01/isRunning {"isRunning": false}
2026-07-23 12:09:49,375 Station_02 simulation/Station_02/isRunning {"isRunning": false}
2026-07-23 12:09:49,376 Station_01 simulation/Station_01/currentSpeed {"currentSpeed": 0.0}
2026-07-23 12:09:49,376 Station_02 simulation/Station_02/currentSpeed {"currentSpeed": 0.0}
2026-07-23 12:09:49,665 Station_01 simulation/Station_01/replies/moveBox {"requestId": "5797f841-cdc6-4675-b9e9-ca85bf489dd6", "stationId": "Station_01", "operation": "moveBox", "status": "started", "timestamp": 1784797789.6647618}
2026-07-23 12:09:49,667 Station_01 simulation/Station_01/isMoving {"isMoving": true}
2026-07-23 12:09:49,723 Station_02 simulation/Station_02/replies/moveBox {"requestId": "92961e5a-05f0-4666-86f7-4f4bb6858573", "stationId": "Station_02", "operation": "moveBox", "status": "started", "timestamp": 1784797789.7227316}
2026-07-23 12:09:49,725 Station_02 simulation/Station_02/isMoving {"isMoving": true}
2026-07-23 12:09:52,933 Station_01 simulation/Station_01/boxDetected {"boxDetected": false}
2026-07-23 12:09:52,985 Station_02 simulation/Station_02/boxDetected {"boxDetected": false}
2026-07-23 12:10:03,177 Station_01 simulation/Station_01/isMoving {"isMoving": false}
2026-07-23 12:10:03,178 Station_01 simulation/Station_01/isRunning {"isRunning": true}
2026-07-23 12:10:03,179 Station_01 simulation/Station_01/currentSpeed {"currentSpeed": 1.0}
2026-07-23 12:10:03,179 Station_01 simulation/Station_01/replies/moveBox {"requestId": "5797f841-cdc6-4675-b9e9-ca85bf489dd6", "stationId": "Station_01", "operation": "moveBox", "status": "completed", "timestamp": 1784797803.1791155}
2026-07-23 12:10:03,231 Station_02 simulation/Station_02/isMoving {"isMoving": false}
2026-07-23 12:10:03,232 Station_02 simulation/Station_02/isRunning {"isRunning": true}
2026-07-23 12:10:03,233 Station_02 simulation/Station_02/currentSpeed {"currentSpeed": 1.0}
2026-07-23 12:10:03,234 Station_02 simulation/Station_02/replies/moveBox {"requestId": "92961e5a-05f0-4666-86f7-4f4bb6858573", "stationId": "Station_02", "operation": "moveBox", "status": "completed", "timestamp": 1784797803.233488}
2026-07-23 12:10:09,392 Station_01 simulation/Station_01/boxDetected {"boxDetected": true}
2026-07-23 12:10:09,393 Station_01 simulation/Station_01/isRunning {"isRunning": false}
2026-07-23 12:10:09,394 Station_01 simulation/Station_01/currentSpeed {"currentSpeed": 0.0}
2026-07-23 12:10:09,436 Station_01 simulation/Station_01/replies/moveBox {"requestId": "8a6a56e4-f9e3-4583-ad9d-09fd1afe2faa", "stationId": "Station_01", "operation": "moveBox", "status": "started", "timestamp": 1784797809.4355342}
2026-07-23 12:10:09,437 Station_01 simulation/Station_01/isMoving {"isMoving": true}
2026-07-23 12:10:12,697 Station_01 simulation/Station_01/boxDetected {"boxDetected": false}
2026-07-23 12:10:19,401 Station_02 simulation/Station_02/boxDetected {"boxDetected": true}
2026-07-23 12:10:19,402 Station_02 simulation/Station_02/isRunning {"isRunning": false}
2026-07-23 12:10:19,403 Station_02 simulation/Station_02/currentSpeed {"currentSpeed": 0.0}
2026-07-23 12:10:19,447 Station_02 simulation/Station_02/replies/moveBox {"requestId": "2884585a-cc1a-4757-9b66-6d787af6875c", "stationId": "Station_02", "operation": "moveBox", "status": "started", "timestamp": 1784797819.4470234}
2026-07-23 12:10:19,449 Station_02 simulation/Station_02/isMoving {"isMoving": true}
2026-07-23 12:10:22,657 Station_02 simulation/Station_02/boxDetected {"boxDetected": false}
2026-07-23 12:10:22,949 Station_01 simulation/Station_01/isMoving {"isMoving": false}
2026-07-23 12:10:22,950 Station_01 simulation/Station_01/isRunning {"isRunning": true}
2026-07-23 12:10:22,950 Station_01 simulation/Station_01/currentSpeed {"currentSpeed": 1.0}
2026-07-23 12:10:22,951 Station_01 simulation/Station_01/replies/moveBox {"requestId": "8a6a56e4-f9e3-4583-ad9d-09fd1afe2faa", "stationId": "Station_01", "operation": "moveBox", "status": "completed", "timestamp": 1784797822.9509614}
2026-07-23 12:10:29,374 Station_01 simulation/Station_01/boxDetected {"boxDetected": true}
2026-07-23 12:10:29,375 Station_01 simulation/Station_01/isRunning {"isRunning": false}
2026-07-23 12:10:29,376 Station_01 simulation/Station_01/currentSpeed {"currentSpeed": 0.0}
2026-07-23 12:10:29,419 Station_01 simulation/Station_01/replies/moveBox {"requestId": "2caaaf68-3fb0-47f4-91bb-800dfdeb18c6", "stationId": "Station_01", "operation": "moveBox", "status": "started", "timestamp": 1784797829.4186962}
2026-07-23 12:10:29,420 Station_01 simulation/Station_01/isMoving {"isMoving": true}
2026-07-23 12:10:32,673 Station_01 simulation/Station_01/boxDetected {"boxDetected": false}
2026-07-23 12:10:32,963 Station_02 simulation/Station_02/isMoving {"isMoving": false}
2026-07-23 12:10:32,964 Station_02 simulation/Station_02/isRunning {"isRunning": true}
2026-07-23 12:10:32,965 Station_02 simulation/Station_02/currentSpeed {"currentSpeed": 1.0}
2026-07-23 12:10:32,966 Station_02 simulation/Station_02/replies/moveBox {"requestId": "2884585a-cc1a-4757-9b66-6d787af6875c", "stationId": "Station_02", "operation": "moveBox", "status": "completed", "timestamp": 1784797832.9657829}
2026-07-23 12:10:42,932 Station_01 simulation/Station_01/isMoving {"isMoving": false}
2026-07-23 12:10:42,933 Station_01 simulation/Station_01/isRunning {"isRunning": true}
2026-07-23 12:10:42,933 Station_01 simulation/Station_01/isMoving {"isMoving": true}
2026-07-23 12:10:42,935 Station_01 simulation/Station_01/currentSpeed {"currentSpeed": 1.0}
2026-07-23 12:10:42,936 Station_01 simulation/Station_01/isMoving {"isMoving": false}
2026-07-23 12:10:42,937 Station_01 simulation/Station_01/replies/moveBox {"requestId": "2caaaf68-3fb0-47f4-91bb-800dfdeb18c6", "stationId": "Station_01", "operation": "moveBox", "status": "completed", "timestamp": 1784797842.9362853}
2026-07-23 12:10:49,399 Station_02 simulation/Station_02/boxDetected {"boxDetected": true}
2026-07-23 12:10:49,400 Station_01 simulation/Station_01/boxDetected {"boxDetected": true}
2026-07-23 12:10:49,400 Station_02 simulation/Station_02/isRunning {"isRunning": false}
2026-07-23 12:10:49,401 Station_01 simulation/Station_01/isRunning {"isRunning": false}
2026-07-23 12:10:49,401 Station_02 simulation/Station_02/currentSpeed {"currentSpeed": 0.0}
2026-07-23 12:10:49,402 Station_01 simulation/Station_01/currentSpeed {"currentSpeed": 0.0}
2026-07-23 12:10:49,446 Station_01 simulation/Station_01/replies/moveBox {"requestId": "0902c036-6c00-4818-933e-fc1c5ec49ec1", "stationId": "Station_01", "operation": "moveBox", "status": "started", "timestamp": 1784797849.445743}
2026-07-23 12:10:49,447 Station_02 simulation/Station_02/replies/moveBox {"requestId": "4ae497f4-52a4-4874-8015-1166bccd44e4", "stationId": "Station_02", "operation": "moveBox", "status": "started", "timestamp": 1784797849.4460733}
2026-07-23 12:10:49,448 Station_01 simulation/Station_01/isMoving {"isMoving": true}
2026-07-23 12:10:49,449 Station_02 simulation/Station_02/isMoving {"isMoving": true}
2026-07-23 12:10:52,702 Station_02 simulation/Station_02/boxDetected {"boxDetected": false}
2026-07-23 12:10:52,702 Station_01 simulation/Station_01/boxDetected {"boxDetected": false}
2026-07-23 12:11:02,958 Station_01 simulation/Station_01/isMoving {"isMoving": false}
2026-07-23 12:11:02,958 Station_02 simulation/Station_02/isMoving {"isMoving": false}
2026-07-23 12:11:02,959 Station_01 simulation/Station_01/isRunning {"isRunning": true}
2026-07-23 12:11:02,960 Station_02 simulation/Station_02/isRunning {"isRunning": true}
2026-07-23 12:11:02,960 Station_01 simulation/Station_01/currentSpeed {"currentSpeed": 1.0}
2026-07-23 12:11:02,961 Station_02 simulation/Station_02/currentSpeed {"currentSpeed": 1.0}
2026-07-23 12:11:02,961 Station_01 simulation/Station_01/replies/moveBox {"requestId": "0902c036-6c00-4818-933e-fc1c5ec49ec1", "stationId": "Station_01", "operation": "moveBox", "status": "completed", "timestamp": 1784797862.9608617}
2026-07-23 12:11:02,962 Station_02 simulation/Station_02/replies/moveBox {"requestId": "4ae497f4-52a4-4874-8015-1166bccd44e4", "stationId": "Station_02", "operation": "moveBox", "status": "completed", "timestamp": 1784797862.961146}
2026-07-23 12:11:09,378 Station_01 simulation/Station_01/boxDetected {"boxDetected": true}
2026-07-23 12:11:09,380 Station_01 simulation/Station_01/isRunning {"isRunning": false}
2026-07-23 12:11:09,381 Station_01 simulation/Station_01/currentSpeed {"currentSpeed": 0.0}
2026-07-23 12:11:09,425 Station_01 simulation/Station_01/replies/moveBox {"requestId": "af122b30-2218-43bf-93a5-1ea4c834821d", "stationId": "Station_01", "operation": "moveBox", "status": "started", "timestamp": 1784797869.424955}
2026-07-23 12:11:09,427 Station_01 simulation/Station_01/isMoving {"isMoving": true}
2026-07-23 12:11:12,685 Station_01 simulation/Station_01/boxDetected {"boxDetected": false}
2026-07-23 12:11:19,375 Station_02 simulation/Station_02/boxDetected {"boxDetected": true}
2026-07-23 12:11:19,376 Station_02 simulation/Station_02/isRunning {"isRunning": false}
2026-07-23 12:11:19,377 Station_02 simulation/Station_02/currentSpeed {"currentSpeed": 0.0}
2026-07-23 12:11:19,422 Station_02 simulation/Station_02/replies/moveBox {"requestId": "4b6f8e1d-b2fd-4316-9127-544add3bf08f", "stationId": "Station_02", "operation": "moveBox", "status": "started", "timestamp": 1784797879.4208267}
2026-07-23 12:11:19,423 Station_02 simulation/Station_02/isMoving {"isMoving": true}
2026-07-23 12:11:22,677 Station_02 simulation/Station_02/boxDetected {"boxDetected": false}
2026-07-23 12:11:22,941 Station_01 simulation/Station_01/isMoving {"isMoving": false}
2026-07-23 12:11:22,942 Station_01 simulation/Station_01/isRunning {"isRunning": true}
2026-07-23 12:11:22,943 Station_01 simulation/Station_01/currentSpeed {"currentSpeed": 1.0}
2026-07-23 12:11:22,944 Station_01 simulation/Station_01/replies/moveBox {"requestId": "af122b30-2218-43bf-93a5-1ea4c834821d", "stationId": "Station_01", "operation": "moveBox", "status": "completed", "timestamp": 1784797882.9434059}
2026-07-23 12:11:29,402 Station_01 simulation/Station_01/boxDetected {"boxDetected": true}
2026-07-23 12:11:29,403 Station_01 simulation/Station_01/isRunning {"isRunning": false}
2026-07-23 12:11:29,403 Station_01 simulation/Station_01/currentSpeed {"currentSpeed": 0.0}
2026-07-23 12:11:29,448 Station_01 simulation/Station_01/replies/moveBox {"requestId": "9060d3e5-a2b0-4e68-9460-0e0c4f76aba2", "stationId": "Station_01", "operation": "moveBox", "status": "started", "timestamp": 1784797889.4481113}
2026-07-23 12:11:29,450 Station_01 simulation/Station_01/isMoving {"isMoving": true}
2026-07-23 12:11:32,659 Station_01 simulation/Station_01/boxDetected {"boxDetected": false}
2026-07-23 12:11:32,934 Station_02 simulation/Station_02/isMoving {"isMoving": false}
2026-07-23 12:11:32,935 Station_02 simulation/Station_02/isRunning {"isRunning": true}
2026-07-23 12:11:32,936 Station_02 simulation/Station_02/currentSpeed {"currentSpeed": 1.0}
2026-07-23 12:11:32,937 Station_02 simulation/Station_02/replies/moveBox {"requestId": "4b6f8e1d-b2fd-4316-9127-544add3bf08f", "stationId": "Station_02", "operation": "moveBox", "status": "completed", "timestamp": 1784797892.9365022}
2026-07-23 12:11:42,961 Station_01 simulation/Station_01/isMoving {"isMoving": false}
2026-07-23 12:11:42,963 Station_01 simulation/Station_01/isRunning {"isRunning": true}
2026-07-23 12:11:42,964 Station_01 simulation/Station_01/currentSpeed {"currentSpeed": 1.0}
2026-07-23 12:11:42,965 Station_01 simulation/Station_01/replies/moveBox {"requestId": "9060d3e5-a2b0-4e68-9460-0e0c4f76aba2", "stationId": "Station_01", "operation": "moveBox", "status": "completed", "timestamp": 1784797902.9644504}
2026-07-23 12:11:49,358 Station_01 simulation/Station_01/boxDetected {"boxDetected": true}
2026-07-23 12:11:49,359 Station_01 simulation/Station_01/isRunning {"isRunning": false}
2026-07-23 12:11:49,360 Station_01 simulation/Station_01/currentSpeed {"currentSpeed": 0.0}
2026-07-23 12:11:49,391 Station_02 simulation/Station_02/boxDetected {"boxDetected": true}
2026-07-23 12:11:49,392 Station_01 simulation/Station_01/replies/moveBox {"requestId": "8c09e8f9-3e36-4544-8082-1de9a3479562", "stationId": "Station_01", "operation": "moveBox", "status": "started", "timestamp": 1784797909.3911502}
2026-07-23 12:11:49,393 Station_02 simulation/Station_02/isRunning {"isRunning": false}
2026-07-23 12:11:49,394 Station_01 simulation/Station_01/isMoving {"isMoving": true}
2026-07-23 12:11:49,435 Station_02 simulation/Station_02/currentSpeed {"currentSpeed": 0.0}
2026-07-23 12:11:49,436 Station_02 simulation/Station_02/replies/moveBox {"requestId": "82d6bd1f-8a8b-4dae-a051-5aad7cc8e574", "stationId": "Station_02", "operation": "moveBox", "status": "started", "timestamp": 1784797909.4358945}
2026-07-23 12:11:49,438 Station_02 simulation/Station_02/isMoving {"isMoving": true}
2026-07-23 12:11:52,666 Station_01 simulation/Station_01/boxDetected {"boxDetected": false}
2026-07-23 12:11:52,687 Station_02 simulation/Station_02/boxDetected {"boxDetected": false}
2026-07-23 12:11:54,413 Station_02 simulation/Station_02/boxDetected {"boxDetected": true}
2026-07-23 12:11:54,464 Station_02 simulation/Station_02/boxDetected {"boxDetected": false}
2026-07-23 12:12:02,907 Station_01 simulation/Station_01/isMoving {"isMoving": false}
2026-07-23 12:12:02,908 Station_01 simulation/Station_01/isRunning {"isRunning": true}
2026-07-23 12:12:02,909 Station_01 simulation/Station_01/currentSpeed {"currentSpeed": 1.0}
2026-07-23 12:12:02,911 Station_01 simulation/Station_01/replies/moveBox {"requestId": "8c09e8f9-3e36-4544-8082-1de9a3479562", "stationId": "Station_01", "operation": "moveBox", "status": "completed", "timestamp": 1784797922.9101207}
2026-07-23 12:12:02,951 Station_02 simulation/Station_02/isMoving {"isMoving": false}
2026-07-23 12:12:02,952 Station_02 simulation/Station_02/isRunning {"isRunning": true}
2026-07-23 12:12:02,953 Station_02 simulation/Station_02/currentSpeed {"currentSpeed": 1.0}
2026-07-23 12:12:02,954 Station_02 simulation/Station_02/replies/moveBox {"requestId": "82d6bd1f-8a8b-4dae-a051-5aad7cc8e574", "stationId": "Station_02", "operation": "moveBox", "status": "completed", "timestamp": 1784797922.9534807}
2026-07-23 12:12:09,361 Station_01 simulation/Station_01/boxDetected {"boxDetected": true}
2026-07-23 12:12:09,362 Station_01 simulation/Station_01/isRunning {"isRunning": false}
2026-07-23 12:12:09,363 Station_01 simulation/Station_01/currentSpeed {"currentSpeed": 0.0}
2026-07-23 12:12:09,411 Station_01 simulation/Station_01/replies/moveBox {"requestId": "f117025c-176e-475c-a450-163f8e916e4d", "stationId": "Station_01", "operation": "moveBox", "status": "started", "timestamp": 1784797929.4106696}
2026-07-23 12:12:09,413 Station_01 simulation/Station_01/isMoving {"isMoving": true}
2026-07-23 12:12:12,709 Station_01 simulation/Station_01/boxDetected {"boxDetected": false}
2026-07-23 12:12:19,390 Station_02 simulation/Station_02/boxDetected {"boxDetected": true}
2026-07-23 12:12:19,391 Station_02 simulation/Station_02/isRunning {"isRunning": false}
2026-07-23 12:12:19,392 Station_02 simulation/Station_02/currentSpeed {"currentSpeed": 0.0}
2026-07-23 12:12:19,434 Station_02 simulation/Station_02/replies/moveBox {"requestId": "886fcb78-a28f-4e92-839a-61553edc187f", "stationId": "Station_02", "operation": "moveBox", "status": "started", "timestamp": 1784797939.4339247}
2026-07-23 12:12:19,436 Station_02 simulation/Station_02/isMoving {"isMoving": true}
2026-07-23 12:12:22,691 Station_02 simulation/Station_02/boxDetected {"boxDetected": false}
2026-07-23 12:12:22,924 Station_01 simulation/Station_01/isMoving {"isMoving": false}
2026-07-23 12:12:22,925 Station_01 simulation/Station_01/isRunning {"isRunning": true}
2026-07-23 12:12:22,926 Station_01 simulation/Station_01/currentSpeed {"currentSpeed": 1.0}
2026-07-23 12:12:22,926 Station_01 simulation/Station_01/replies/moveBox {"requestId": "f117025c-176e-475c-a450-163f8e916e4d", "stationId": "Station_01", "operation": "moveBox", "status": "completed", "timestamp": 1784797942.926098}
2026-07-23 12:12:24,164 Station_02 simulation/Station_02/boxDetected {"boxDetected": true}
2026-07-23 12:12:24,218 Station_02 simulation/Station_02/boxDetected {"boxDetected": false}
2026-07-23 12:12:29,390 Station_01 simulation/Station_01/boxDetected {"boxDetected": true}
2026-07-23 12:12:29,391 Station_01 simulation/Station_01/isRunning {"isRunning": false}
2026-07-23 12:12:29,392 Station_01 simulation/Station_01/currentSpeed {"currentSpeed": 0.0}
2026-07-23 12:12:29,435 Station_01 simulation/Station_01/replies/moveBox {"requestId": "d877c16b-951f-43c9-a285-6314992f8e4b", "stationId": "Station_01", "operation": "moveBox", "status": "started", "timestamp": 1784797949.4342792}
2026-07-23 12:12:29,436 Station_01 simulation/Station_01/isMoving {"isMoving": true}
2026-07-23 12:12:32,645 Station_01 simulation/Station_01/boxDetected {"boxDetected": false}
2026-07-23 12:12:32,949 Station_02 simulation/Station_02/isMoving {"isMoving": false}
2026-07-23 12:12:32,950 Station_02 simulation/Station_02/isRunning {"isRunning": true}
2026-07-23 12:12:32,951 Station_02 simulation/Station_02/currentSpeed {"currentSpeed": 1.0}
2026-07-23 12:12:32,952 Station_02 simulation/Station_02/replies/moveBox {"requestId": "886fcb78-a28f-4e92-839a-61553edc187f", "stationId": "Station_02", "operation": "moveBox", "status": "completed", "timestamp": 1784797952.9517398}
2026-07-23 12:12:42,944 Station_01 simulation/Station_01/isMoving {"isMoving": false}
2026-07-23 12:12:42,945 Station_01 simulation/Station_01/isRunning {"isRunning": true}
2026-07-23 12:12:42,946 Station_01 simulation/Station_01/currentSpeed {"currentSpeed": 1.0}
2026-07-23 12:12:42,947 Station_01 simulation/Station_01/replies/moveBox {"requestId": "d877c16b-951f-43c9-a285-6314992f8e4b", "stationId": "Station_01", "operation": "moveBox", "status": "completed", "timestamp": 1784797962.946432}
2026-07-23 12:12:49,408 Station_02 simulation/Station_02/boxDetected {"boxDetected": true}
2026-07-23 12:12:49,409 Station_01 simulation/Station_01/boxDetected {"boxDetected": true}
2026-07-23 12:12:49,410 Station_02 simulation/Station_02/isRunning {"isRunning": false}
2026-07-23 12:12:49,410 Station_01 simulation/Station_01/isRunning {"isRunning": false}
2026-07-23 12:12:49,411 Station_02 simulation/Station_02/currentSpeed {"currentSpeed": 0.0}
2026-07-23 12:12:49,411 Station_01 simulation/Station_01/currentSpeed {"currentSpeed": 0.0}
2026-07-23 12:12:49,453 Station_02 simulation/Station_02/replies/moveBox {"requestId": "77290ca6-2cf7-43ec-89e3-3489ea0ffdad", "stationId": "Station_02", "operation": "moveBox", "status": "started", "timestamp": 1784797969.4530206}
2026-07-23 12:12:49,454 Station_01 simulation/Station_01/replies/moveBox {"requestId": "4a46475e-4521-437b-97ef-83723843c719", "stationId": "Station_01", "operation": "moveBox", "status": "started", "timestamp": 1784797969.4533644}
2026-07-23 12:12:49,456 Station_02 simulation/Station_02/isMoving {"isMoving": true}
2026-07-23 12:12:49,456 Station_01 simulation/Station_01/isMoving {"isMoving": true}
2026-07-23 12:12:52,662 Station_02 simulation/Station_02/boxDetected {"boxDetected": false}
2026-07-23 12:12:52,663 Station_01 simulation/Station_01/boxDetected {"boxDetected": false}
2026-07-23 12:12:54,137 Station_02 simulation/Station_02/boxDetected {"boxDetected": true}
2026-07-23 12:12:54,190 Station_02 simulation/Station_02/boxDetected {"boxDetected": false}
2026-07-23 12:13:02,965 Station_02 simulation/Station_02/isMoving {"isMoving": false}
2026-07-23 12:13:02,966 Station_01 simulation/Station_01/isMoving {"isMoving": false}
2026-07-23 12:13:02,967 Station_02 simulation/Station_02/isRunning {"isRunning": true}
2026-07-23 12:13:02,967 Station_01 simulation/Station_01/isRunning {"isRunning": true}
2026-07-23 12:13:02,968 Station_02 simulation/Station_02/currentSpeed {"currentSpeed": 1.0}
2026-07-23 12:13:02,968 Station_01 simulation/Station_01/currentSpeed {"currentSpeed": 1.0}
2026-07-23 12:13:02,969 Station_02 simulation/Station_02/replies/moveBox {"requestId": "77290ca6-2cf7-43ec-89e3-3489ea0ffdad", "stationId": "Station_02", "operation": "moveBox", "status": "completed", "timestamp": 1784797982.9683068}
2026-07-23 12:13:02,969 Station_01 simulation/Station_01/replies/moveBox {"requestId": "4a46475e-4521-437b-97ef-83723843c719", "stationId": "Station_01", "operation": "moveBox", "status": "completed", "timestamp": 1784797982.9685867}
2026-07-23 12:13:09,385 Station_01 simulation/Station_01/boxDetected {"boxDetected": true}
2026-07-23 12:13:09,387 Station_01 simulation/Station_01/isRunning {"isRunning": false}
2026-07-23 12:13:09,387 Station_01 simulation/Station_01/currentSpeed {"currentSpeed": 0.0}
2026-07-23 12:13:09,432 Station_01 simulation/Station_01/replies/moveBox {"requestId": "66ec44a3-460f-422b-9ca9-7d0b62c1cf04", "stationId": "Station_01", "operation": "moveBox", "status": "started", "timestamp": 1784797989.432134}
2026-07-23 12:13:09,434 Station_01 simulation/Station_01/isMoving {"isMoving": true}
2026-07-23 12:13:12,682 Station_01 simulation/Station_01/boxDetected {"boxDetected": false}
2026-07-23 12:13:14,509 Station_01 simulation/Station_01/boxDetected {"boxDetected": true}
2026-07-23 12:13:14,562 Station_01 simulation/Station_01/boxDetected {"boxDetected": false}
2026-07-23 12:13:19,380 Station_02 simulation/Station_02/boxDetected {"boxDetected": true}
2026-07-23 12:13:19,381 Station_02 simulation/Station_02/isRunning {"isRunning": false}
2026-07-23 12:13:19,382 Station_02 simulation/Station_02/currentSpeed {"currentSpeed": 0.0}
2026-07-23 12:13:19,424 Station_02 simulation/Station_02/replies/moveBox {"requestId": "7c5c9c5f-31a3-487d-a1ff-671bd18d1a44", "stationId": "Station_02", "operation": "moveBox", "status": "started", "timestamp": 1784797999.4237368}
2026-07-23 12:13:19,426 Station_02 simulation/Station_02/isMoving {"isMoving": true}
2026-07-23 12:13:22,690 Station_02 simulation/Station_02/boxDetected {"boxDetected": false}
2026-07-23 12:13:22,946 Station_01 simulation/Station_01/isMoving {"isMoving": false}
2026-07-23 12:13:22,948 Station_01 simulation/Station_01/isRunning {"isRunning": true}
2026-07-23 12:13:22,949 Station_01 simulation/Station_01/currentSpeed {"currentSpeed": 1.0}
2026-07-23 12:13:22,950 Station_01 simulation/Station_01/replies/moveBox {"requestId": "66ec44a3-460f-422b-9ca9-7d0b62c1cf04", "stationId": "Station_01", "operation": "moveBox", "status": "completed", "timestamp": 1784798002.9496884}
2026-07-23 12:13:24,115 Station_02 simulation/Station_02/boxDetected {"boxDetected": true}
2026-07-23 12:13:24,167 Station_02 simulation/Station_02/boxDetected {"boxDetected": false}
2026-07-23 12:13:24,219 Station_02 simulation/Station_02/boxDetected {"boxDetected": true}
2026-07-23 12:13:24,272 Station_02 simulation/Station_02/boxDetected {"boxDetected": false}
2026-07-23 12:13:29,399 Station_01 simulation/Station_01/boxDetected {"boxDetected": true}
2026-07-23 12:13:29,400 Station_01 simulation/Station_01/isRunning {"isRunning": false}
2026-07-23 12:13:29,400 Station_01 simulation/Station_01/currentSpeed {"currentSpeed": 0.0}
2026-07-23 12:13:29,449 Station_01 simulation/Station_01/replies/moveBox {"requestId": "df7daafa-f8e1-42ff-9d7e-4fff6e4c1993", "stationId": "Station_01", "operation": "moveBox", "status": "started", "timestamp": 1784798009.447739}
2026-07-23 12:13:29,451 Station_01 simulation/Station_01/isMoving {"isMoving": true}
2026-07-23 12:13:29,452 Station_01 simulation/Station_01/isMoving {"isMoving": true}
2026-07-23 12:13:32,706 Station_01 simulation/Station_01/boxDetected {"boxDetected": false}
2026-07-23 12:13:32,936 Station_02 simulation/Station_02/isMoving {"isMoving": false}
2026-07-23 12:13:32,937 Station_02 simulation/Station_02/isRunning {"isRunning": true}
2026-07-23 12:13:32,938 Station_02 simulation/Station_02/currentSpeed {"currentSpeed": 1.0}
2026-07-23 12:13:32,938 Station_02 simulation/Station_02/replies/moveBox {"requestId": "7c5c9c5f-31a3-487d-a1ff-671bd18d1a44", "stationId": "Station_02", "operation": "moveBox", "status": "completed", "timestamp": 1784798012.9380796}
2026-07-23 12:13:34,486 Station_01 simulation/Station_01/boxDetected {"boxDetected": true}
2026-07-23 12:13:34,538 Station_01 simulation/Station_01/boxDetected {"boxDetected": false}
2026-07-23 12:13:42,956 Station_01 simulation/Station_01/isMoving {"isMoving": false}
2026-07-23 12:13:42,958 Station_01 simulation/Station_01/isRunning {"isRunning": true}
2026-07-23 12:13:42,959 Station_01 simulation/Station_01/currentSpeed {"currentSpeed": 1.0}
2026-07-23 12:13:42,959 Station_01 simulation/Station_01/isMoving {"isMoving": true}
2026-07-23 12:13:42,960 Station_01 simulation/Station_01/replies/moveBox {"requestId": "df7daafa-f8e1-42ff-9d7e-4fff6e4c1993", "stationId": "Station_01", "operation": "moveBox", "status": "completed", "timestamp": 1784798022.9596179}
2026-07-23 12:13:43,011 Station_01 simulation/Station_01/isMoving {"isMoving": false}
2026-07-23 12:13:49,407 Station_02 simulation/Station_02/boxDetected {"boxDetected": true}
2026-07-23 12:13:49,408 Station_01 simulation/Station_01/boxDetected {"boxDetected": true}
2026-07-23 12:13:49,409 Station_02 simulation/Station_02/isRunning {"isRunning": false}
2026-07-23 12:13:49,409 Station_01 simulation/Station_01/isRunning {"isRunning": false}
2026-07-23 12:13:49,410 Station_02 simulation/Station_02/currentSpeed {"currentSpeed": 0.0}
2026-07-23 12:13:49,410 Station_01 simulation/Station_01/currentSpeed {"currentSpeed": 0.0}
2026-07-23 12:13:49,455 Station_02 simulation/Station_02/replies/moveBox {"requestId": "72632d87-74a1-4ebb-b2e3-327d030d940c", "stationId": "Station_02", "operation": "moveBox", "status": "started", "timestamp": 1784798029.4546425}
2026-07-23 12:13:49,456 Station_01 simulation/Station_01/replies/moveBox {"requestId": "ce037054-a1ff-4eb3-8aba-0e0947e871eb", "stationId": "Station_01", "operation": "moveBox", "status": "started", "timestamp": 1784798029.454997}
2026-07-23 12:13:49,457 Station_02 simulation/Station_02/isMoving {"isMoving": true}
2026-07-23 12:13:49,458 Station_01 simulation/Station_01/isMoving {"isMoving": true}
2026-07-23 12:13:52,711 Station_02 simulation/Station_02/boxDetected {"boxDetected": false}
2026-07-23 12:13:52,711 Station_01 simulation/Station_01/boxDetected {"boxDetected": false}
2026-07-23 12:13:54,132 Station_02 simulation/Station_02/boxDetected {"boxDetected": true}
2026-07-23 12:13:54,183 Station_02 simulation/Station_02/boxDetected {"boxDetected": false}
2026-07-23 12:13:54,796 Station_02 simulation/Station_02/boxDetected {"boxDetected": true}
2026-07-23 12:13:54,797 Station_01 simulation/Station_01/boxDetected {"boxDetected": true}
2026-07-23 12:13:54,849 Station_02 simulation/Station_02/boxDetected {"boxDetected": false}
2026-07-23 12:13:54,849 Station_01 simulation/Station_01/boxDetected {"boxDetected": false}
2026-07-23 12:14:02,967 Station_02 simulation/Station_02/isMoving {"isMoving": false}
2026-07-23 12:14:02,967 Station_01 simulation/Station_01/isMoving {"isMoving": false}
2026-07-23 12:14:02,968 Station_02 simulation/Station_02/isRunning {"isRunning": true}
2026-07-23 12:14:02,968 Station_01 simulation/Station_01/isRunning {"isRunning": true}
2026-07-23 12:14:02,970 Station_02 simulation/Station_02/currentSpeed {"currentSpeed": 1.0}
2026-07-23 12:14:02,970 Station_01 simulation/Station_01/currentSpeed {"currentSpeed": 1.0}
2026-07-23 12:14:02,971 Station_02 simulation/Station_02/replies/moveBox {"requestId": "72632d87-74a1-4ebb-b2e3-327d030d940c", "stationId": "Station_02", "operation": "moveBox", "status": "completed", "timestamp": 1784798042.9701142}
2026-07-23 12:14:02,971 Station_01 simulation/Station_01/replies/moveBox {"requestId": "ce037054-a1ff-4eb3-8aba-0e0947e871eb", "stationId": "Station_01", "operation": "moveBox", "status": "completed", "timestamp": 1784798042.9706829}
2026-07-23 12:14:09,392 Station_01 simulation/Station_01/boxDetected {"boxDetected": true}
2026-07-23 12:14:09,393 Station_01 simulation/Station_01/isRunning {"isRunning": false}
2026-07-23 12:14:09,393 Station_01 simulation/Station_01/currentSpeed {"currentSpeed": 0.0}
2026-07-23 12:14:09,442 Station_01 simulation/Station_01/replies/moveBox {"requestId": "458ed7c2-6a3d-44fd-9d89-4a54d7f09df1", "stationId": "Station_01", "operation": "moveBox", "status": "started", "timestamp": 1784798049.44173}
2026-07-23 12:14:09,444 Station_01 simulation/Station_01/isMoving {"isMoving": true}
2026-07-23 12:14:12,698 Station_01 simulation/Station_01/boxDetected {"boxDetected": false}
2026-07-23 12:14:19,352 Station_02 simulation/Station_02/boxDetected {"boxDetected": true}
2026-07-23 12:14:19,353 Station_02 simulation/Station_02/isRunning {"isRunning": false}
2026-07-23 12:14:19,353 Station_02 simulation/Station_02/currentSpeed {"currentSpeed": 0.0}
2026-07-23 12:14:19,398 Station_02 simulation/Station_02/replies/moveBox {"requestId": "5b78f2a8-ef91-45c1-b93a-95f9dec720f6", "stationId": "Station_02", "operation": "moveBox", "status": "started", "timestamp": 1784798059.39734}
2026-07-23 12:14:19,399 Station_02 simulation/Station_02/isMoving {"isMoving": true}
2026-07-23 12:14:22,654 Station_02 simulation/Station_02/boxDetected {"boxDetected": false}
2026-07-23 12:14:22,954 Station_01 simulation/Station_01/isMoving {"isMoving": false}
2026-07-23 12:14:22,955 Station_01 simulation/Station_01/isRunning {"isRunning": true}
2026-07-23 12:14:22,956 Station_01 simulation/Station_01/currentSpeed {"currentSpeed": 1.0}
2026-07-23 12:14:22,957 Station_01 simulation/Station_01/replies/moveBox {"requestId": "458ed7c2-6a3d-44fd-9d89-4a54d7f09df1", "stationId": "Station_01", "operation": "moveBox", "status": "completed", "timestamp": 1784798062.9563327}
2026-07-23 12:14:24,077 Station_02 simulation/Station_02/boxDetected {"boxDetected": true}
2026-07-23 12:14:24,129 Station_02 simulation/Station_02/boxDetected {"boxDetected": false}
2026-07-23 12:14:24,181 Station_02 simulation/Station_02/boxDetected {"boxDetected": true}
2026-07-23 12:14:24,233 Station_02 simulation/Station_02/boxDetected {"boxDetected": false}
2026-07-23 12:14:24,645 Station_02 simulation/Station_02/boxDetected {"boxDetected": true}
2026-07-23 12:14:24,697 Station_02 simulation/Station_02/boxDetected {"boxDetected": false}
2026-07-23 12:14:29,355 Station_01 simulation/Station_01/boxDetected {"boxDetected": true}
2026-07-23 12:14:29,356 Station_01 simulation/Station_01/isRunning {"isRunning": false}
2026-07-23 12:14:29,357 Station_01 simulation/Station_01/currentSpeed {"currentSpeed": 0.0}
2026-07-23 12:14:29,405 Station_01 simulation/Station_01/replies/moveBox {"requestId": "bc67c700-3912-445a-827e-281ea2b0455b", "stationId": "Station_01", "operation": "moveBox", "status": "started", "timestamp": 1784798069.4050047}
2026-07-23 12:14:29,407 Station_01 simulation/Station_01/isMoving {"isMoving": true}
2026-07-23 12:14:32,658 Station_01 simulation/Station_01/boxDetected {"boxDetected": false}
2026-07-23 12:14:32,908 Station_02 simulation/Station_02/isMoving {"isMoving": false}
2026-07-23 12:14:32,909 Station_02 simulation/Station_02/isRunning {"isRunning": true}
2026-07-23 12:14:32,910 Station_02 simulation/Station_02/currentSpeed {"currentSpeed": 1.0}
2026-07-23 12:14:32,910 Station_02 simulation/Station_02/replies/moveBox {"requestId": "5b78f2a8-ef91-45c1-b93a-95f9dec720f6", "stationId": "Station_02", "operation": "moveBox", "status": "completed", "timestamp": 1784798072.910145}
2026-07-23 12:14:34,284 Station_01 simulation/Station_01/boxDetected {"boxDetected": true}
2026-07-23 12:14:34,336 Station_01 simulation/Station_01/boxDetected {"boxDetected": false}
2026-07-23 12:14:42,917 Station_01 simulation/Station_01/isMoving {"isMoving": false}
2026-07-23 12:14:42,918 Station_01 simulation/Station_01/isRunning {"isRunning": true}
2026-07-23 12:14:42,919 Station_01 simulation/Station_01/currentSpeed {"currentSpeed": 1.0}
2026-07-23 12:14:42,921 Station_01 simulation/Station_01/replies/moveBox {"requestId": "bc67c700-3912-445a-827e-281ea2b0455b", "stationId": "Station_01", "operation": "moveBox", "status": "completed", "timestamp": 1784798082.9196851}
2026-07-23 12:14:49,373 Station_01 simulation/Station_01/boxDetected {"boxDetected": true}
2026-07-23 12:14:49,373 Station_02 simulation/Station_02/boxDetected {"boxDetected": true}
2026-07-23 12:14:49,375 Station_01 simulation/Station_01/isRunning {"isRunning": false}
2026-07-23 12:14:49,375 Station_02 simulation/Station_02/isRunning {"isRunning": false}
2026-07-23 12:14:49,376 Station_01 simulation/Station_01/currentSpeed {"currentSpeed": 0.0}
2026-07-23 12:14:49,376 Station_02 simulation/Station_02/currentSpeed {"currentSpeed": 0.0}
2026-07-23 12:14:49,421 Station_01 simulation/Station_01/replies/moveBox {"requestId": "7e4d1c04-c3e3-426d-a40e-6b89a0d9fd55", "stationId": "Station_01", "operation": "moveBox", "status": "started", "timestamp": 1784798089.4202776}
2026-07-23 12:14:49,422 Station_02 simulation/Station_02/replies/moveBox {"requestId": "77534559-6ad6-4183-a796-fc5fea383081", "stationId": "Station_02", "operation": "moveBox", "status": "started", "timestamp": 1784798089.420614}
2026-07-23 12:14:49,423 Station_01 simulation/Station_01/isMoving {"isMoving": true}
2026-07-23 12:14:49,423 Station_02 simulation/Station_02/isMoving {"isMoving": true}
2026-07-23 12:14:52,628 Station_01 simulation/Station_01/boxDetected {"boxDetected": false}
2026-07-23 12:14:52,628 Station_02 simulation/Station_02/boxDetected {"boxDetected": false}
2026-07-23 12:15:02,930 Station_01 simulation/Station_01/isMoving {"isMoving": false}
2026-07-23 12:15:02,931 Station_02 simulation/Station_02/isMoving {"isMoving": false}
2026-07-23 12:15:02,931 Station_01 simulation/Station_01/isRunning {"isRunning": true}
2026-07-23 12:15:02,932 Station_02 simulation/Station_02/isRunning {"isRunning": true}
2026-07-23 12:15:02,932 Station_01 simulation/Station_01/currentSpeed {"currentSpeed": 1.0}
2026-07-23 12:15:02,933 Station_02 simulation/Station_02/currentSpeed {"currentSpeed": 1.0}
2026-07-23 12:15:02,933 Station_01 simulation/Station_01/replies/moveBox {"requestId": "7e4d1c04-c3e3-426d-a40e-6b89a0d9fd55", "stationId": "Station_01", "operation": "moveBox", "status": "completed", "timestamp": 1784798102.9328527}
2026-07-23 12:15:02,934 Station_02 simulation/Station_02/replies/moveBox {"requestId": "77534559-6ad6-4183-a796-fc5fea383081", "stationId": "Station_02", "operation": "moveBox", "status": "completed", "timestamp": 1784798102.9331536}
2026-07-23 12:16:20,296 Station_01 simulation/Station_01/isRunning {"isRunning": true}
2026-07-23 12:16:20,297 Station_01 simulation/Station_01/currentSpeed {"currentSpeed": 1.0}
2026-07-23 12:16:20,299 Station_02 simulation/Station_02/isRunning {"isRunning": true}
2026-07-23 12:16:20,300 Station_02 simulation/Station_02/currentSpeed {"currentSpeed": 1.0}
2026-07-23 12:16:20,353 Station_01 simulation/Station_01/boxDetected {"boxDetected": false}
2026-07-23 12:16:20,353 Station_02 simulation/Station_02/boxDetected {"boxDetected": false}
2026-07-23 12:16:20,354 Station_01 simulation/Station_01/isMoving {"isMoving": false}
2026-07-23 12:16:20,355 Station_02 simulation/Station_02/isMoving {"isMoving": false}
2026-07-23 12:16:37,208 Station_01 simulation/Station_01/boxDetected {"boxDetected": true}
2026-07-23 12:16:37,209 Station_02 simulation/Station_02/boxDetected {"boxDetected": true}
2026-07-23 12:16:37,210 Station_01 simulation/Station_01/isRunning {"isRunning": false}
2026-07-23 12:16:37,210 Station_02 simulation/Station_02/isRunning {"isRunning": false}
2026-07-23 12:16:37,211 Station_01 simulation/Station_01/currentSpeed {"currentSpeed": 0.0}
2026-07-23 12:16:37,211 Station_02 simulation/Station_02/currentSpeed {"currentSpeed": 0.0}
2026-07-23 12:16:37,482 Station_02 simulation/Station_02/replies/moveBox {"requestId": "73dbbcb7-03a0-4e25-810e-2c95ca0df62c", "stationId": "Station_02", "operation": "moveBox", "status": "started", "timestamp": 1784798197.4821284}
2026-07-23 12:16:37,484 Station_02 simulation/Station_02/isMoving {"isMoving": true}
2026-07-23 12:16:37,533 Station_01 simulation/Station_01/replies/moveBox {"requestId": "30f0f858-a1ca-483f-ace3-fbd207cabdbf", "stationId": "Station_01", "operation": "moveBox", "status": "started", "timestamp": 1784798197.5330806}
2026-07-23 12:16:37,535 Station_01 simulation/Station_01/isMoving {"isMoving": true}
2026-07-23 12:16:40,719 Station_02 simulation/Station_02/boxDetected {"boxDetected": false}
2026-07-23 12:16:40,770 Station_01 simulation/Station_01/boxDetected {"boxDetected": false}
2026-07-23 12:16:42,295 Station_01 simulation/Station_01/boxDetected {"boxDetected": true}
2026-07-23 12:16:42,346 Station_01 simulation/Station_01/boxDetected {"boxDetected": false}
2026-07-23 12:16:42,397 Station_02 simulation/Station_02/boxDetected {"boxDetected": true}
2026-07-23 12:16:42,398 Station_01 simulation/Station_01/boxDetected {"boxDetected": true}
2026-07-23 12:16:42,448 Station_02 simulation/Station_02/boxDetected {"boxDetected": false}
2026-07-23 12:16:42,450 Station_01 simulation/Station_01/boxDetected {"boxDetected": false}
2026-07-23 12:16:50,993 Station_02 simulation/Station_02/isMoving {"isMoving": false}
2026-07-23 12:16:50,994 Station_02 simulation/Station_02/isRunning {"isRunning": true}
2026-07-23 12:16:50,995 Station_02 simulation/Station_02/currentSpeed {"currentSpeed": 1.0}
2026-07-23 12:16:50,995 Station_02 simulation/Station_02/replies/moveBox {"requestId": "73dbbcb7-03a0-4e25-810e-2c95ca0df62c", "stationId": "Station_02", "operation": "moveBox", "status": "completed", "timestamp": 1784798210.9951262}
2026-07-23 12:16:51,046 Station_01 simulation/Station_01/isMoving {"isMoving": false}
2026-07-23 12:16:51,047 Station_01 simulation/Station_01/isRunning {"isRunning": true}
2026-07-23 12:16:51,048 Station_01 simulation/Station_01/currentSpeed {"currentSpeed": 1.0}
2026-07-23 12:16:51,049 Station_01 simulation/Station_01/replies/moveBox {"requestId": "30f0f858-a1ca-483f-ace3-fbd207cabdbf", "stationId": "Station_01", "operation": "moveBox", "status": "completed", "timestamp": 1784798211.048712}
2026-07-23 12:16:57,235 Station_01 simulation/Station_01/boxDetected {"boxDetected": true}
2026-07-23 12:16:57,237 Station_01 simulation/Station_01/isRunning {"isRunning": false}
2026-07-23 12:16:57,238 Station_01 simulation/Station_01/currentSpeed {"currentSpeed": 0.0}
2026-07-23 12:16:57,284 Station_01 simulation/Station_01/replies/moveBox {"requestId": "ad5fb8da-be20-44e8-aaed-2a5fb5a585af", "stationId": "Station_01", "operation": "moveBox", "status": "started", "timestamp": 1784798217.2832346}
2026-07-23 12:16:57,285 Station_01 simulation/Station_01/isMoving {"isMoving": true}
2026-07-23 12:17:00,539 Station_01 simulation/Station_01/boxDetected {"boxDetected": false}
2026-07-23 12:17:02,571 Station_01 simulation/Station_01/boxDetected {"boxDetected": true}
2026-07-23 12:17:02,623 Station_01 simulation/Station_01/boxDetected {"boxDetected": false}
2026-07-23 12:17:07,178 Station_02 simulation/Station_02/boxDetected {"boxDetected": true}
2026-07-23 12:17:07,179 Station_02 simulation/Station_02/isRunning {"isRunning": false}
2026-07-23 12:17:07,180 Station_02 simulation/Station_02/currentSpeed {"currentSpeed": 0.0}
2026-07-23 12:17:07,223 Station_02 simulation/Station_02/replies/moveBox {"requestId": "80b1a3be-ba43-43e3-846e-8247628d00bb", "stationId": "Station_02", "operation": "moveBox", "status": "started", "timestamp": 1784798227.2228112}
2026-07-23 12:17:07,225 Station_02 simulation/Station_02/isMoving {"isMoving": true}
2026-07-23 12:17:10,478 Station_02 simulation/Station_02/boxDetected {"boxDetected": false}
2026-07-23 12:17:10,797 Station_01 simulation/Station_01/isMoving {"isMoving": false}
2026-07-23 12:17:10,798 Station_01 simulation/Station_01/isRunning {"isRunning": true}
2026-07-23 12:17:10,798 Station_01 simulation/Station_01/currentSpeed {"currentSpeed": 1.0}
2026-07-23 12:17:10,799 Station_01 simulation/Station_01/replies/moveBox {"requestId": "ad5fb8da-be20-44e8-aaed-2a5fb5a585af", "stationId": "Station_01", "operation": "moveBox", "status": "completed", "timestamp": 1784798230.7990582}
2026-07-23 12:17:12,310 Station_02 simulation/Station_02/boxDetected {"boxDetected": true}
2026-07-23 12:17:12,363 Station_02 simulation/Station_02/boxDetected {"boxDetected": false}
2026-07-23 12:17:17,202 Station_01 simulation/Station_01/boxDetected {"boxDetected": true}
2026-07-23 12:17:17,204 Station_01 simulation/Station_01/isRunning {"isRunning": false}
2026-07-23 12:17:17,204 Station_01 simulation/Station_01/currentSpeed {"currentSpeed": 0.0}
2026-07-23 12:17:17,247 Station_01 simulation/Station_01/replies/moveBox {"requestId": "edc2bd1b-b10a-419c-aa82-5bdeda9506c8", "stationId": "Station_01", "operation": "moveBox", "status": "started", "timestamp": 1784798237.2466698}
2026-07-23 12:17:17,249 Station_01 simulation/Station_01/isMoving {"isMoving": true}
2026-07-23 12:17:20,504 Station_01 simulation/Station_01/boxDetected {"boxDetected": false}
2026-07-23 12:17:20,735 Station_02 simulation/Station_02/isMoving {"isMoving": false}
2026-07-23 12:17:20,736 Station_02 simulation/Station_02/isRunning {"isRunning": true}
2026-07-23 12:17:20,737 Station_02 simulation/Station_02/currentSpeed {"currentSpeed": 1.0}
2026-07-23 12:17:20,738 Station_02 simulation/Station_02/replies/moveBox {"requestId": "80b1a3be-ba43-43e3-846e-8247628d00bb", "stationId": "Station_02", "operation": "moveBox", "status": "completed", "timestamp": 1784798240.737601}
2026-07-23 12:17:21,882 Station_01 simulation/Station_01/boxDetected {"boxDetected": true}
2026-07-23 12:17:21,935 Station_01 simulation/Station_01/boxDetected {"boxDetected": false}
2026-07-23 12:17:22,548 Station_01 simulation/Station_01/boxDetected {"boxDetected": true}
2026-07-23 12:17:22,601 Station_01 simulation/Station_01/boxDetected {"boxDetected": false}
2026-07-23 12:17:30,758 Station_01 simulation/Station_01/isMoving {"isMoving": false}
2026-07-23 12:17:30,759 Station_01 simulation/Station_01/isRunning {"isRunning": true}
2026-07-23 12:17:30,760 Station_01 simulation/Station_01/currentSpeed {"currentSpeed": 1.0}
2026-07-23 12:17:30,761 Station_01 simulation/Station_01/replies/moveBox {"requestId": "edc2bd1b-b10a-419c-aa82-5bdeda9506c8", "stationId": "Station_01", "operation": "moveBox", "status": "completed", "timestamp": 1784798250.7607262}
2026-07-23 12:17:37,219 Station_02 simulation/Station_02/boxDetected {"boxDetected": true}
2026-07-23 12:17:37,220 Station_01 simulation/Station_01/boxDetected {"boxDetected": true}
2026-07-23 12:17:37,221 Station_02 simulation/Station_02/isRunning {"isRunning": false}
2026-07-23 12:17:37,221 Station_01 simulation/Station_01/isRunning {"isRunning": false}
2026-07-23 12:17:37,223 Station_02 simulation/Station_02/currentSpeed {"currentSpeed": 0.0}
2026-07-23 12:17:37,223 Station_01 simulation/Station_01/currentSpeed {"currentSpeed": 0.0}
2026-07-23 12:17:37,266 Station_02 simulation/Station_02/replies/moveBox {"requestId": "17d8caf5-a1f0-4939-8f4f-36aeb1a2bd26", "stationId": "Station_02", "operation": "moveBox", "status": "started", "timestamp": 1784798257.2658796}
2026-07-23 12:17:37,268 Station_01 simulation/Station_01/replies/moveBox {"requestId": "7dad58f2-ca1c-4ec8-95e8-9e30d5af7911", "stationId": "Station_01", "operation": "moveBox", "status": "started", "timestamp": 1784798257.266263}
2026-07-23 12:17:37,269 Station_02 simulation/Station_02/isMoving {"isMoving": true}
2026-07-23 12:17:37,269 Station_01 simulation/Station_01/isMoving {"isMoving": true}
2026-07-23 12:17:40,479 Station_02 simulation/Station_02/boxDetected {"boxDetected": false}
2026-07-23 12:17:40,530 Station_01 simulation/Station_01/boxDetected {"boxDetected": false}
2026-07-23 12:17:42,358 Station_01 simulation/Station_01/boxDetected {"boxDetected": true}
2026-07-23 12:17:42,410 Station_01 simulation/Station_01/boxDetected {"boxDetected": false}
2026-07-23 12:17:42,459 Station_02 simulation/Station_02/boxDetected {"boxDetected": true}
2026-07-23 12:17:42,462 Station_01 simulation/Station_01/boxDetected {"boxDetected": true}
2026-07-23 12:17:42,512 Station_02 simulation/Station_02/boxDetected {"boxDetected": false}
2026-07-23 12:17:42,513 Station_01 simulation/Station_01/boxDetected {"boxDetected": false}
2026-07-23 12:17:50,780 Station_02 simulation/Station_02/isMoving {"isMoving": false}
2026-07-23 12:17:50,781 Station_01 simulation/Station_01/isMoving {"isMoving": false}
2026-07-23 12:17:50,782 Station_02 simulation/Station_02/isRunning {"isRunning": true}
2026-07-23 12:17:50,782 Station_01 simulation/Station_01/isRunning {"isRunning": true}
2026-07-23 12:17:50,783 Station_02 simulation/Station_02/currentSpeed {"currentSpeed": 1.0}
2026-07-23 12:17:50,783 Station_01 simulation/Station_01/currentSpeed {"currentSpeed": 1.0}
2026-07-23 12:17:50,784 Station_02 simulation/Station_02/replies/moveBox {"requestId": "17d8caf5-a1f0-4939-8f4f-36aeb1a2bd26", "stationId": "Station_02", "operation": "moveBox", "status": "completed", "timestamp": 1784798270.783302}
2026-07-23 12:17:50,784 Station_01 simulation/Station_01/replies/moveBox {"requestId": "7dad58f2-ca1c-4ec8-95e8-9e30d5af7911", "stationId": "Station_01", "operation": "moveBox", "status": "completed", "timestamp": 1784798270.7835863}
2026-07-23 12:17:57,245 Station_01 simulation/Station_01/boxDetected {"boxDetected": true}
2026-07-23 12:17:57,246 Station_01 simulation/Station_01/isRunning {"isRunning": false}
2026-07-23 12:17:57,247 Station_01 simulation/Station_01/currentSpeed {"currentSpeed": 0.0}
2026-07-23 12:17:57,289 Station_01 simulation/Station_01/replies/moveBox {"requestId": "2d61d9db-07c3-475d-b99f-c4a70ba5e623", "stationId": "Station_01", "operation": "moveBox", "status": "started", "timestamp": 1784798277.2890372}
2026-07-23 12:17:57,291 Station_01 simulation/Station_01/isMoving {"isMoving": true}
2026-07-23 12:18:00,539 Station_01 simulation/Station_01/boxDetected {"boxDetected": false}
2026-07-23 12:18:02,267 Station_01 simulation/Station_01/boxDetected {"boxDetected": true}
2026-07-23 12:18:02,320 Station_01 simulation/Station_01/boxDetected {"boxDetected": false}
2026-07-23 12:18:07,192 Station_02 simulation/Station_02/boxDetected {"boxDetected": true}
2026-07-23 12:18:07,193 Station_02 simulation/Station_02/isRunning {"isRunning": false}
2026-07-23 12:18:07,194 Station_02 simulation/Station_02/currentSpeed {"currentSpeed": 0.0}
2026-07-23 12:18:07,241 Station_02 simulation/Station_02/replies/moveBox {"requestId": "6658895d-281f-490a-8188-a5b0c8f4fe27", "stationId": "Station_02", "operation": "moveBox", "status": "started", "timestamp": 1784798287.2406256}
2026-07-23 12:18:07,242 Station_02 simulation/Station_02/isMoving {"isMoving": true}
2026-07-23 12:18:10,494 Station_02 simulation/Station_02/boxDetected {"boxDetected": false}
2026-07-23 12:18:10,800 Station_01 simulation/Station_01/isMoving {"isMoving": false}
2026-07-23 12:18:10,801 Station_01 simulation/Station_01/isRunning {"isRunning": true}
2026-07-23 12:18:10,802 Station_01 simulation/Station_01/currentSpeed {"currentSpeed": 1.0}
2026-07-23 12:18:10,803 Station_01 simulation/Station_01/replies/moveBox {"requestId": "2d61d9db-07c3-475d-b99f-c4a70ba5e623", "stationId": "Station_01", "operation": "moveBox", "status": "completed", "timestamp": 1784798290.8023758}
2026-07-23 12:18:12,122 Station_02 simulation/Station_02/boxDetected {"boxDetected": true}
2026-07-23 12:18:12,174 Station_02 simulation/Station_02/boxDetected {"boxDetected": false}
2026-07-23 12:18:17,208 Station_01 simulation/Station_01/boxDetected {"boxDetected": true}
2026-07-23 12:18:17,209 Station_01 simulation/Station_01/isRunning {"isRunning": false}
2026-07-23 12:18:17,210 Station_01 simulation/Station_01/currentSpeed {"currentSpeed": 0.0}
2026-07-23 12:18:17,253 Station_01 simulation/Station_01/replies/moveBox {"requestId": "be47e5e7-b26e-4769-b8aa-db3b76597082", "stationId": "Station_01", "operation": "moveBox", "status": "started", "timestamp": 1784798297.252258}
2026-07-23 12:18:17,254 Station_01 simulation/Station_01/isMoving {"isMoving": true}
2026-07-23 12:18:20,512 Station_01 simulation/Station_01/boxDetected {"boxDetected": false}
2026-07-23 12:18:20,755 Station_02 simulation/Station_02/isMoving {"isMoving": false}
2026-07-23 12:18:20,755 Station_02 simulation/Station_02/isRunning {"isRunning": true}
2026-07-23 12:18:20,756 Station_02 simulation/Station_02/currentSpeed {"currentSpeed": 1.0}
2026-07-23 12:18:20,757 Station_02 simulation/Station_02/replies/moveBox {"requestId": "6658895d-281f-490a-8188-a5b0c8f4fe27", "stationId": "Station_02", "operation": "moveBox", "status": "completed", "timestamp": 1784798300.756755}
2026-07-23 12:18:22,195 Station_01 simulation/Station_01/boxDetected {"boxDetected": true}
2026-07-23 12:18:22,247 Station_01 simulation/Station_01/boxDetected {"boxDetected": false}
2026-07-23 12:18:30,764 Station_01 simulation/Station_01/isMoving {"isMoving": false}
2026-07-23 12:18:30,765 Station_01 simulation/Station_01/isRunning {"isRunning": true}
2026-07-23 12:18:30,766 Station_01 simulation/Station_01/currentSpeed {"currentSpeed": 1.0}
2026-07-23 12:18:30,768 Station_01 simulation/Station_01/replies/moveBox {"requestId": "be47e5e7-b26e-4769-b8aa-db3b76597082", "stationId": "Station_01", "operation": "moveBox", "status": "completed", "timestamp": 1784798310.7670546}
2026-07-23 12:18:37,227 Station_02 simulation/Station_02/boxDetected {"boxDetected": true}
2026-07-23 12:18:37,228 Station_01 simulation/Station_01/boxDetected {"boxDetected": true}
2026-07-23 12:18:37,228 Station_02 simulation/Station_02/isRunning {"isRunning": false}
2026-07-23 12:18:37,229 Station_01 simulation/Station_01/isRunning {"isRunning": false}
2026-07-23 12:18:37,229 Station_02 simulation/Station_02/currentSpeed {"currentSpeed": 0.0}
2026-07-23 12:18:37,229 Station_01 simulation/Station_01/currentSpeed {"currentSpeed": 0.0}
2026-07-23 12:18:37,276 Station_02 simulation/Station_02/replies/moveBox {"requestId": "c85f474a-c5eb-414e-99be-4a885a7e254e", "stationId": "Station_02", "operation": "moveBox", "status": "started", "timestamp": 1784798317.2755985}
2026-07-23 12:18:37,277 Station_01 simulation/Station_01/replies/moveBox {"requestId": "9ffa63b7-8cbf-45fc-8fc3-276e8860995a", "stationId": "Station_01", "operation": "moveBox", "status": "started", "timestamp": 1784798317.2759511}
2026-07-23 12:18:37,278 Station_02 simulation/Station_02/isMoving {"isMoving": true}
2026-07-23 12:18:37,278 Station_01 simulation/Station_01/isMoving {"isMoving": true}
2026-07-23 13:06:08,453 Station_01 simulation/Station_01/isRunning {"isRunning": true}
2026-07-23 13:06:08,454 Station_01 simulation/Station_01/currentSpeed {"currentSpeed": 1.0}
2026-07-23 13:06:08,456 Station_02 simulation/Station_02/isRunning {"isRunning": true}
2026-07-23 13:06:08,457 Station_02 simulation/Station_02/currentSpeed {"currentSpeed": 1.0}
2026-07-23 13:06:08,510 Station_01 simulation/Station_01/boxDetected {"boxDetected": false}
2026-07-23 13:06:08,511 Station_02 simulation/Station_02/boxDetected {"boxDetected": false}
2026-07-23 13:06:08,512 Station_01 simulation/Station_01/isMoving {"isMoving": false}
2026-07-23 13:06:08,512 Station_02 simulation/Station_02/isMoving {"isMoving": false}
2026-07-23 13:06:40,591 Station_01 simulation/Station_01/boxDetected {"boxDetected": true}
2026-07-23 13:06:40,592 Station_02 simulation/Station_02/boxDetected {"boxDetected": true}
2026-07-23 13:06:40,593 Station_01 simulation/Station_01/isRunning {"isRunning": false}
2026-07-23 13:06:40,594 Station_02 simulation/Station_02/isRunning {"isRunning": false}
2026-07-23 13:06:40,595 Station_01 simulation/Station_01/currentSpeed {"currentSpeed": 0.0}
2026-07-23 13:06:40,595 Station_02 simulation/Station_02/currentSpeed {"currentSpeed": 0.0}
2026-07-23 13:06:40,937 Station_02 simulation/Station_02/replies/moveBox {"requestId": "784e21cd-8ef5-4d54-8d20-f8e3bbd80d6e", "stationId": "Station_02", "operation": "moveBox", "status": "started", "timestamp": 1784801200.9367654}
2026-07-23 13:06:40,939 Station_02 simulation/Station_02/isMoving {"isMoving": true}
2026-07-23 13:06:40,998 Station_01 simulation/Station_01/replies/moveBox {"requestId": "5fbd24c9-e8c0-4e02-9732-65bfc630bc3a", "stationId": "Station_01", "operation": "moveBox", "status": "started", "timestamp": 1784801200.9971597}
2026-07-23 13:06:40,999 Station_01 simulation/Station_01/isMoving {"isMoving": true}
2026-07-23 13:06:44,151 Station_02 simulation/Station_02/boxDetected {"boxDetected": false}
2026-07-23 13:06:44,252 Station_01 simulation/Station_01/boxDetected {"boxDetected": false}
2026-07-23 13:06:45,778 Station_01 simulation/Station_01/boxDetected {"boxDetected": true}
2026-07-23 13:06:45,830 Station_01 simulation/Station_01/boxDetected {"boxDetected": false}
2026-07-23 13:06:45,879 Station_02 simulation/Station_02/boxDetected {"boxDetected": true}
2026-07-23 13:06:45,882 Station_01 simulation/Station_01/boxDetected {"boxDetected": true}
2026-07-23 13:06:45,931 Station_02 simulation/Station_02/boxDetected {"boxDetected": false}
2026-07-23 13:06:45,935 Station_01 simulation/Station_01/boxDetected {"boxDetected": false}
2026-07-23 13:06:45,983 Station_02 simulation/Station_02/boxDetected {"boxDetected": true}
2026-07-23 13:06:46,034 Station_02 simulation/Station_02/boxDetected {"boxDetected": false}
2026-07-23 13:06:54,449 Station_02 simulation/Station_02/isMoving {"isMoving": false}
2026-07-23 13:06:54,450 Station_02 simulation/Station_02/isRunning {"isRunning": true}
2026-07-23 13:06:54,452 Station_02 simulation/Station_02/currentSpeed {"currentSpeed": 1.0}
2026-07-23 13:06:54,453 Station_02 simulation/Station_02/replies/moveBox {"requestId": "784e21cd-8ef5-4d54-8d20-f8e3bbd80d6e", "stationId": "Station_02", "operation": "moveBox", "status": "completed", "timestamp": 1784801214.452124}
2026-07-23 13:06:54,508 Station_01 simulation/Station_01/isMoving {"isMoving": false}
2026-07-23 13:06:54,509 Station_01 simulation/Station_01/isRunning {"isRunning": true}
2026-07-23 13:06:54,510 Station_01 simulation/Station_01/currentSpeed {"currentSpeed": 1.0}
2026-07-23 13:06:54,511 Station_01 simulation/Station_01/replies/moveBox {"requestId": "5fbd24c9-e8c0-4e02-9732-65bfc630bc3a", "stationId": "Station_01", "operation": "moveBox", "status": "completed", "timestamp": 1784801214.5102549}
2026-07-23 13:07:00,572 Station_01 simulation/Station_01/boxDetected {"boxDetected": true}
2026-07-23 13:07:00,573 Station_01 simulation/Station_01/isRunning {"isRunning": false}
2026-07-23 13:07:00,574 Station_01 simulation/Station_01/currentSpeed {"currentSpeed": 0.0}
2026-07-23 13:07:00,619 Station_01 simulation/Station_01/replies/moveBox {"requestId": "35650854-684c-48f7-a017-475a53b90b1d", "stationId": "Station_01", "operation": "moveBox", "status": "started", "timestamp": 1784801220.618043}
2026-07-23 13:07:00,621 Station_01 simulation/Station_01/isMoving {"isMoving": true}
2026-07-23 13:07:14,129 Station_01 simulation/Station_01/isMoving {"isMoving": false}
2026-07-23 13:07:14,130 Station_01 simulation/Station_01/isRunning {"isRunning": true}
2026-07-23 13:07:14,131 Station_01 simulation/Station_01/currentSpeed {"currentSpeed": 1.0}
2026-07-23 13:07:14,132 Station_01 simulation/Station_01/replies/moveBox {"requestId": "35650854-684c-48f7-a017-475a53b90b1d", "stationId": "Station_01", "operation": "moveBox", "status": "completed", "timestamp": 1784801234.1315043}
2026-07-23 13:07:17,755 Station_01 simulation/Station_01/isRunning {"isRunning": true}
2026-07-23 13:07:17,756 Station_01 simulation/Station_01/currentSpeed {"currentSpeed": 1.0}
2026-07-23 13:07:17,759 Station_02 simulation/Station_02/isRunning {"isRunning": true}
2026-07-23 13:07:17,760 Station_02 simulation/Station_02/currentSpeed {"currentSpeed": 1.0}
2026-07-23 13:07:17,812 Station_01 simulation/Station_01/boxDetected {"boxDetected": false}
2026-07-23 13:07:17,812 Station_02 simulation/Station_02/boxDetected {"boxDetected": false}
2026-07-23 13:07:17,813 Station_01 simulation/Station_01/isMoving {"isMoving": false}
2026-07-23 13:07:17,813 Station_02 simulation/Station_02/isMoving {"isMoving": false}
2026-07-23 13:07:31,356 Station_01 simulation/Station_01/boxDetected {"boxDetected": true}
2026-07-23 13:07:31,357 Station_02 simulation/Station_02/boxDetected {"boxDetected": true}
2026-07-23 13:07:31,358 Station_01 simulation/Station_01/isRunning {"isRunning": false}
2026-07-23 13:07:31,358 Station_02 simulation/Station_02/isRunning {"isRunning": false}
2026-07-23 13:07:31,359 Station_01 simulation/Station_01/currentSpeed {"currentSpeed": 0.0}
2026-07-23 13:07:31,359 Station_02 simulation/Station_02/currentSpeed {"currentSpeed": 0.0}
2026-07-23 13:07:31,405 Station_02 simulation/Station_02/replies/moveBox {"requestId": "5878a9ba-996e-4f77-ac7a-24c73fd672a9", "stationId": "Station_02", "operation": "moveBox", "status": "started", "timestamp": 1784801251.4045868}
2026-07-23 13:07:31,406 Station_01 simulation/Station_01/replies/moveBox {"requestId": "f3c940b7-df56-4406-9fee-f767d98dd084", "stationId": "Station_01", "operation": "moveBox", "status": "started", "timestamp": 1784801251.404973}
2026-07-23 13:07:31,407 Station_02 simulation/Station_02/isMoving {"isMoving": true}
2026-07-23 13:07:31,408 Station_01 simulation/Station_01/isMoving {"isMoving": true}
2026-07-23 13:07:34,658 Station_01 simulation/Station_01/boxDetected {"boxDetected": false}
2026-07-23 13:07:34,658 Station_02 simulation/Station_02/boxDetected {"boxDetected": false}
2026-07-23 13:07:36,587 Station_01 simulation/Station_01/boxDetected {"boxDetected": true}
2026-07-23 13:07:36,638 Station_01 simulation/Station_01/boxDetected {"boxDetected": false}
2026-07-23 13:07:36,687 Station_02 simulation/Station_02/boxDetected {"boxDetected": true}
2026-07-23 13:07:36,690 Station_01 simulation/Station_01/boxDetected {"boxDetected": true}
2026-07-23 13:07:36,739 Station_02 simulation/Station_02/boxDetected {"boxDetected": false}
2026-07-23 13:07:36,742 Station_01 simulation/Station_01/boxDetected {"boxDetected": false}
2026-07-23 13:07:44,918 Station_02 simulation/Station_02/isMoving {"isMoving": false}
2026-07-23 13:07:44,919 Station_02 simulation/Station_02/isRunning {"isRunning": true}
2026-07-23 13:07:44,919 Station_01 simulation/Station_01/isMoving {"isMoving": false}
2026-07-23 13:07:44,920 Station_02 simulation/Station_02/currentSpeed {"currentSpeed": 1.0}
2026-07-23 13:07:44,921 Station_01 simulation/Station_01/isRunning {"isRunning": true}
2026-07-23 13:07:44,921 Station_02 simulation/Station_02/replies/moveBox {"requestId": "5878a9ba-996e-4f77-ac7a-24c73fd672a9", "stationId": "Station_02", "operation": "moveBox", "status": "completed", "timestamp": 1784801264.9208493}
2026-07-23 13:07:44,922 Station_01 simulation/Station_01/currentSpeed {"currentSpeed": 1.0}
2026-07-23 13:07:44,923 Station_01 simulation/Station_01/replies/moveBox {"requestId": "f3c940b7-df56-4406-9fee-f767d98dd084", "stationId": "Station_01", "operation": "moveBox", "status": "completed", "timestamp": 1784801264.922225}
2026-07-23 13:07:51,399 Station_01 simulation/Station_01/boxDetected {"boxDetected": true}
2026-07-23 13:07:51,400 Station_01 simulation/Station_01/isRunning {"isRunning": false}
2026-07-23 13:07:51,401 Station_01 simulation/Station_01/currentSpeed {"currentSpeed": 0.0}
2026-07-23 13:07:51,444 Station_01 simulation/Station_01/replies/moveBox {"requestId": "82b1ee0f-e5d2-40b7-a06c-8880af9a0653", "stationId": "Station_01", "operation": "moveBox", "status": "started", "timestamp": 1784801271.4436054}
2026-07-23 13:07:51,445 Station_01 simulation/Station_01/isMoving {"isMoving": true}
2026-07-23 13:07:54,710 Station_01 simulation/Station_01/boxDetected {"boxDetected": false}
2026-07-23 13:07:56,230 Station_01 simulation/Station_01/boxDetected {"boxDetected": true}
2026-07-23 13:07:56,284 Station_01 simulation/Station_01/boxDetected {"boxDetected": false}
2026-07-23 13:08:01,396 Station_02 simulation/Station_02/boxDetected {"boxDetected": true}
2026-07-23 13:08:01,397 Station_02 simulation/Station_02/isRunning {"isRunning": false}
2026-07-23 13:08:01,399 Station_02 simulation/Station_02/currentSpeed {"currentSpeed": 0.0}
2026-07-23 13:08:01,444 Station_02 simulation/Station_02/replies/moveBox {"requestId": "98461f28-d06d-4b6a-a802-6494acec2ac0", "stationId": "Station_02", "operation": "moveBox", "status": "started", "timestamp": 1784801281.4433012}
2026-07-23 13:08:01,445 Station_02 simulation/Station_02/isMoving {"isMoving": true}
2026-07-23 13:08:04,701 Station_02 simulation/Station_02/boxDetected {"boxDetected": false}
2026-07-23 13:08:04,954 Station_01 simulation/Station_01/isMoving {"isMoving": false}
2026-07-23 13:08:04,955 Station_01 simulation/Station_01/isRunning {"isRunning": true}
2026-07-23 13:08:04,956 Station_01 simulation/Station_01/currentSpeed {"currentSpeed": 1.0}
2026-07-23 13:08:04,957 Station_01 simulation/Station_01/replies/moveBox {"requestId": "82b1ee0f-e5d2-40b7-a06c-8880af9a0653", "stationId": "Station_01", "operation": "moveBox", "status": "completed", "timestamp": 1784801284.9567688}
2026-07-23 13:08:06,071 Station_02 simulation/Station_02/boxDetected {"boxDetected": true}
2026-07-23 13:08:06,123 Station_02 simulation/Station_02/boxDetected {"boxDetected": false}
2026-07-23 13:08:11,403 Station_01 simulation/Station_01/boxDetected {"boxDetected": true}
2026-07-23 13:08:11,405 Station_01 simulation/Station_01/isRunning {"isRunning": false}
2026-07-23 13:08:11,406 Station_01 simulation/Station_01/currentSpeed {"currentSpeed": 0.0}
2026-07-23 13:08:11,448 Station_01 simulation/Station_01/replies/moveBox {"requestId": "f39886e7-1bd9-4057-933d-884b2b95c798", "stationId": "Station_01", "operation": "moveBox", "status": "started", "timestamp": 1784801291.446989}
2026-07-23 13:08:11,449 Station_01 simulation/Station_01/isMoving {"isMoving": true}
2026-07-23 13:08:14,711 Station_01 simulation/Station_01/boxDetected {"boxDetected": false}
2026-07-23 13:08:14,955 Station_02 simulation/Station_02/isMoving {"isMoving": false}
2026-07-23 13:08:14,956 Station_02 simulation/Station_02/isRunning {"isRunning": true}
2026-07-23 13:08:14,956 Station_02 simulation/Station_02/currentSpeed {"currentSpeed": 1.0}
2026-07-23 13:08:14,957 Station_02 simulation/Station_02/replies/moveBox {"requestId": "98461f28-d06d-4b6a-a802-6494acec2ac0", "stationId": "Station_02", "operation": "moveBox", "status": "completed", "timestamp": 1784801294.9568624}
2026-07-23 13:08:24,963 Station_01 simulation/Station_01/isMoving {"isMoving": false}
2026-07-23 13:08:24,964 Station_01 simulation/Station_01/isRunning {"isRunning": true}
2026-07-23 13:08:24,965 Station_01 simulation/Station_01/currentSpeed {"currentSpeed": 1.0}
2026-07-23 13:08:24,966 Station_01 simulation/Station_01/replies/moveBox {"requestId": "f39886e7-1bd9-4057-933d-884b2b95c798", "stationId": "Station_01", "operation": "moveBox", "status": "completed", "timestamp": 1784801304.9654346}
2026-07-23 13:08:31,378 Station_02 simulation/Station_02/boxDetected {"boxDetected": true}
2026-07-23 13:08:31,379 Station_01 simulation/Station_01/boxDetected {"boxDetected": true}
2026-07-23 13:08:31,380 Station_02 simulation/Station_02/isRunning {"isRunning": false}
2026-07-23 13:08:31,380 Station_01 simulation/Station_01/isRunning {"isRunning": false}
2026-07-23 13:08:31,381 Station_02 simulation/Station_02/currentSpeed {"currentSpeed": 0.0}
2026-07-23 13:08:31,381 Station_01 simulation/Station_01/currentSpeed {"currentSpeed": 0.0}
2026-07-23 13:08:31,427 Station_01 simulation/Station_01/replies/moveBox {"requestId": "109bf647-ad72-456a-83f5-ee0ffc5aff73", "stationId": "Station_01", "operation": "moveBox", "status": "started", "timestamp": 1784801311.4260044}
2026-07-23 13:08:31,428 Station_02 simulation/Station_02/replies/moveBox {"requestId": "8d4e0007-1591-4964-8207-a79c376f1c7d", "stationId": "Station_02", "operation": "moveBox", "status": "started", "timestamp": 1784801311.426418}
2026-07-23 13:08:31,429 Station_01 simulation/Station_01/isMoving {"isMoving": true}
2026-07-23 13:08:31,429 Station_02 simulation/Station_02/isMoving {"isMoving": true}
2026-07-23 13:08:34,632 Station_02 simulation/Station_02/boxDetected {"boxDetected": false}
2026-07-23 13:08:34,632 Station_01 simulation/Station_01/boxDetected {"boxDetected": false}
2026-07-23 13:08:36,053 Station_02 simulation/Station_02/boxDetected {"boxDetected": true}
2026-07-23 13:08:36,054 Station_01 simulation/Station_01/boxDetected {"boxDetected": true}
2026-07-23 13:08:36,106 Station_02 simulation/Station_02/boxDetected {"boxDetected": false}
2026-07-23 13:08:36,106 Station_01 simulation/Station_01/boxDetected {"boxDetected": false}
2026-07-23 13:08:36,517 Station_02 simulation/Station_02/boxDetected {"boxDetected": true}
2026-07-23 13:08:36,517 Station_01 simulation/Station_01/boxDetected {"boxDetected": true}
2026-07-23 13:08:36,569 Station_02 simulation/Station_02/boxDetected {"boxDetected": false}
2026-07-23 13:08:36,570 Station_01 simulation/Station_01/boxDetected {"boxDetected": false}
2026-07-23 13:08:44,938 Station_01 simulation/Station_01/isMoving {"isMoving": false}
2026-07-23 13:08:44,938 Station_02 simulation/Station_02/isMoving {"isMoving": false}
2026-07-23 13:08:44,939 Station_01 simulation/Station_01/isRunning {"isRunning": true}
2026-07-23 13:08:44,939 Station_02 simulation/Station_02/isRunning {"isRunning": true}
2026-07-23 13:08:44,940 Station_01 simulation/Station_01/currentSpeed {"currentSpeed": 1.0}
2026-07-23 13:08:44,940 Station_02 simulation/Station_02/currentSpeed {"currentSpeed": 1.0}
2026-07-23 13:08:44,941 Station_02 simulation/Station_02/isMoving {"isMoving": true}
2026-07-23 13:08:44,941 Station_01 simulation/Station_01/replies/moveBox {"requestId": "109bf647-ad72-456a-83f5-ee0ffc5aff73", "stationId": "Station_01", "operation": "moveBox", "status": "completed", "timestamp": 1784801324.9403584}
2026-07-23 13:08:44,985 Station_02 simulation/Station_02/replies/moveBox {"requestId": "8d4e0007-1591-4964-8207-a79c376f1c7d", "stationId": "Station_02", "operation": "moveBox", "status": "completed", "timestamp": 1784801324.940633}
2026-07-23 13:08:44,992 Station_02 simulation/Station_02/isMoving {"isMoving": false}
2026-07-23 13:08:51,412 Station_01 simulation/Station_01/boxDetected {"boxDetected": true}
2026-07-23 13:08:51,412 Station_01 simulation/Station_01/isRunning {"isRunning": false}
2026-07-23 13:08:51,413 Station_01 simulation/Station_01/currentSpeed {"currentSpeed": 0.0}
2026-07-23 13:08:51,462 Station_01 simulation/Station_01/replies/moveBox {"requestId": "66fbe92f-b9c2-4853-9b02-15305313a6c0", "stationId": "Station_01", "operation": "moveBox", "status": "started", "timestamp": 1784801331.4612422}
2026-07-23 13:08:51,463 Station_01 simulation/Station_01/isMoving {"isMoving": true}
2026-07-23 13:08:54,720 Station_01 simulation/Station_01/boxDetected {"boxDetected": false}
2026-07-23 13:09:01,378 Station_02 simulation/Station_02/boxDetected {"boxDetected": true}
2026-07-23 13:09:01,379 Station_02 simulation/Station_02/isRunning {"isRunning": false}
2026-07-23 13:09:01,380 Station_02 simulation/Station_02/currentSpeed {"currentSpeed": 0.0}
2026-07-23 13:09:01,421 Station_02 simulation/Station_02/replies/moveBox {"requestId": "1c28f547-a968-4e0b-8e01-4af5729ae417", "stationId": "Station_02", "operation": "moveBox", "status": "started", "timestamp": 1784801341.4207988}
2026-07-23 13:09:01,423 Station_02 simulation/Station_02/isMoving {"isMoving": true}
2026-07-23 13:09:04,671 Station_02 simulation/Station_02/boxDetected {"boxDetected": false}
2026-07-23 13:09:04,972 Station_01 simulation/Station_01/isMoving {"isMoving": false}
2026-07-23 13:09:04,973 Station_01 simulation/Station_01/isRunning {"isRunning": true}
2026-07-23 13:09:04,974 Station_01 simulation/Station_01/currentSpeed {"currentSpeed": 1.0}
2026-07-23 13:09:04,974 Station_01 simulation/Station_01/replies/moveBox {"requestId": "66fbe92f-b9c2-4853-9b02-15305313a6c0", "stationId": "Station_01", "operation": "moveBox", "status": "completed", "timestamp": 1784801344.974202}
2026-07-23 13:09:11,369 Station_01 simulation/Station_01/boxDetected {"boxDetected": true}
2026-07-23 13:09:11,370 Station_01 simulation/Station_01/isRunning {"isRunning": false}
2026-07-23 13:09:11,371 Station_01 simulation/Station_01/currentSpeed {"currentSpeed": 0.0}
2026-07-23 13:09:11,417 Station_01 simulation/Station_01/replies/moveBox {"requestId": "257e6492-7156-4670-96d2-f5b529f9fcf8", "stationId": "Station_01", "operation": "moveBox", "status": "started", "timestamp": 1784801351.416265}
2026-07-23 13:09:11,418 Station_01 simulation/Station_01/isMoving {"isMoving": true}
2026-07-23 13:09:14,672 Station_01 simulation/Station_01/boxDetected {"boxDetected": false}
2026-07-23 13:09:14,933 Station_02 simulation/Station_02/isMoving {"isMoving": false}
2026-07-23 13:09:14,934 Station_02 simulation/Station_02/isRunning {"isRunning": true}
2026-07-23 13:09:14,935 Station_02 simulation/Station_02/currentSpeed {"currentSpeed": 1.0}
2026-07-23 13:09:14,936 Station_02 simulation/Station_02/replies/moveBox {"requestId": "1c28f547-a968-4e0b-8e01-4af5729ae417", "stationId": "Station_02", "operation": "moveBox", "status": "completed", "timestamp": 1784801354.9355354}
2026-07-23 13:09:24,924 Station_01 simulation/Station_01/isMoving {"isMoving": false}
2026-07-23 13:09:24,925 Station_01 simulation/Station_01/isRunning {"isRunning": true}
2026-07-23 13:09:24,926 Station_01 simulation/Station_01/currentSpeed {"currentSpeed": 1.0}
2026-07-23 13:09:24,927 Station_01 simulation/Station_01/replies/moveBox {"requestId": "257e6492-7156-4670-96d2-f5b529f9fcf8", "stationId": "Station_01", "operation": "moveBox", "status": "completed", "timestamp": 1784801364.9267855}
2026-07-23 13:09:31,361 Station_02 simulation/Station_02/boxDetected {"boxDetected": true}
2026-07-23 13:09:31,362 Station_01 simulation/Station_01/boxDetected {"boxDetected": true}
2026-07-23 13:09:31,363 Station_02 simulation/Station_02/isRunning {"isRunning": false}
2026-07-23 13:09:31,363 Station_01 simulation/Station_01/isRunning {"isRunning": false}
2026-07-23 13:09:31,364 Station_02 simulation/Station_02/currentSpeed {"currentSpeed": 0.0}
2026-07-23 13:09:31,364 Station_01 simulation/Station_01/currentSpeed {"currentSpeed": 0.0}
2026-07-23 13:09:31,412 Station_01 simulation/Station_01/replies/moveBox {"requestId": "f7630adf-acaa-40f3-82f9-54371dd6bb3a", "stationId": "Station_01", "operation": "moveBox", "status": "started", "timestamp": 1784801371.411327}
2026-07-23 13:09:31,413 Station_02 simulation/Station_02/replies/moveBox {"requestId": "7cd7e612-5393-41b8-8c6e-9ab59fcd873f", "stationId": "Station_02", "operation": "moveBox", "status": "started", "timestamp": 1784801371.411691}
2026-07-23 13:09:31,414 Station_01 simulation/Station_01/isMoving {"isMoving": true}
2026-07-23 13:09:31,414 Station_02 simulation/Station_02/isMoving {"isMoving": true}
2026-07-23 13:09:34,668 Station_02 simulation/Station_02/boxDetected {"boxDetected": false}
2026-07-23 13:09:34,668 Station_01 simulation/Station_01/boxDetected {"boxDetected": false}
2026-07-23 13:09:36,197 Station_02 simulation/Station_02/boxDetected {"boxDetected": true}
2026-07-23 13:09:36,198 Station_01 simulation/Station_01/boxDetected {"boxDetected": true}
2026-07-23 13:09:36,249 Station_02 simulation/Station_02/boxDetected {"boxDetected": false}
2026-07-23 13:09:36,249 Station_01 simulation/Station_01/boxDetected {"boxDetected": false}
2026-07-23 13:09:44,926 Station_01 simulation/Station_01/isMoving {"isMoving": false}
2026-07-23 13:09:44,927 Station_02 simulation/Station_02/isMoving {"isMoving": false}
2026-07-23 13:09:44,928 Station_01 simulation/Station_01/isRunning {"isRunning": true}
2026-07-23 13:09:44,928 Station_02 simulation/Station_02/isRunning {"isRunning": true}
2026-07-23 13:09:44,929 Station_01 simulation/Station_01/currentSpeed {"currentSpeed": 1.0}
2026-07-23 13:09:44,929 Station_02 simulation/Station_02/currentSpeed {"currentSpeed": 1.0}
2026-07-23 13:09:44,930 Station_01 simulation/Station_01/replies/moveBox {"requestId": "f7630adf-acaa-40f3-82f9-54371dd6bb3a", "stationId": "Station_01", "operation": "moveBox", "status": "completed", "timestamp": 1784801384.9293327}
2026-07-23 13:09:44,930 Station_02 simulation/Station_02/replies/moveBox {"requestId": "7cd7e612-5393-41b8-8c6e-9ab59fcd873f", "stationId": "Station_02", "operation": "moveBox", "status": "completed", "timestamp": 1784801384.929615}
2026-07-23 13:09:51,396 Station_01 simulation/Station_01/boxDetected {"boxDetected": true}
2026-07-23 13:09:51,396 Station_01 simulation/Station_01/isRunning {"isRunning": false}
2026-07-23 13:09:51,397 Station_01 simulation/Station_01/currentSpeed {"currentSpeed": 0.0}
2026-07-23 13:09:51,440 Station_01 simulation/Station_01/replies/moveBox {"requestId": "11d2230b-9284-47be-966e-f3c5d8c70150", "stationId": "Station_01", "operation": "moveBox", "status": "started", "timestamp": 1784801391.4388573}
2026-07-23 13:09:51,441 Station_01 simulation/Station_01/isMoving {"isMoving": true}
2026-07-23 13:09:54,694 Station_01 simulation/Station_01/boxDetected {"boxDetected": false}
2026-07-23 13:10:01,395 Station_02 simulation/Station_02/boxDetected {"boxDetected": true}
2026-07-23 13:10:01,396 Station_02 simulation/Station_02/isRunning {"isRunning": false}
2026-07-23 13:10:01,397 Station_02 simulation/Station_02/currentSpeed {"currentSpeed": 0.0}
2026-07-23 13:10:01,439 Station_02 simulation/Station_02/replies/moveBox {"requestId": "810d3a56-567e-4340-a22a-9cf3fc7fc67a", "stationId": "Station_02", "operation": "moveBox", "status": "started", "timestamp": 1784801401.4381485}
2026-07-23 13:10:01,440 Station_02 simulation/Station_02/isMoving {"isMoving": true}
2026-07-23 13:10:04,695 Station_02 simulation/Station_02/boxDetected {"boxDetected": false}
2026-07-23 13:10:04,950 Station_01 simulation/Station_01/isMoving {"isMoving": false}
2026-07-23 13:10:04,951 Station_01 simulation/Station_01/isRunning {"isRunning": true}
2026-07-23 13:10:04,952 Station_01 simulation/Station_01/currentSpeed {"currentSpeed": 1.0}
2026-07-23 13:10:04,953 Station_01 simulation/Station_01/replies/moveBox {"requestId": "11d2230b-9284-47be-966e-f3c5d8c70150", "stationId": "Station_01", "operation": "moveBox", "status": "completed", "timestamp": 1784801404.9524043}
2026-07-23 13:10:06,778 Station_02 simulation/Station_02/boxDetected {"boxDetected": true}
2026-07-23 13:10:06,830 Station_02 simulation/Station_02/boxDetected {"boxDetected": false}
2026-07-23 13:10:11,400 Station_01 simulation/Station_01/boxDetected {"boxDetected": true}
2026-07-23 13:10:11,401 Station_01 simulation/Station_01/isRunning {"isRunning": false}
2026-07-23 13:10:11,402 Station_01 simulation/Station_01/currentSpeed {"currentSpeed": 0.0}
2026-07-23 13:10:11,447 Station_01 simulation/Station_01/replies/moveBox {"requestId": "f649db0c-bf89-4e6f-a16e-8598bd739830", "stationId": "Station_01", "operation": "moveBox", "status": "started", "timestamp": 1784801411.4463563}
2026-07-23 13:10:11,449 Station_01 simulation/Station_01/isMoving {"isMoving": true}
2026-07-23 13:10:14,656 Station_01 simulation/Station_01/boxDetected {"boxDetected": false}
2026-07-23 13:10:14,948 Station_02 simulation/Station_02/isMoving {"isMoving": false}
2026-07-23 13:10:14,949 Station_02 simulation/Station_02/isRunning {"isRunning": true}
2026-07-23 13:10:14,951 Station_02 simulation/Station_02/currentSpeed {"currentSpeed": 1.0}
2026-07-23 13:10:14,951 Station_02 simulation/Station_02/isMoving {"isMoving": true}
2026-07-23 13:10:14,952 Station_02 simulation/Station_02/replies/moveBox {"requestId": "810d3a56-567e-4340-a22a-9cf3fc7fc67a", "stationId": "Station_02", "operation": "moveBox", "status": "completed", "timestamp": 1784801414.9513364}
2026-07-23 13:10:15,003 Station_02 simulation/Station_02/isMoving {"isMoving": false}
2026-07-23 13:10:16,283 Station_01 simulation/Station_01/boxDetected {"boxDetected": true}
2026-07-23 13:10:16,336 Station_01 simulation/Station_01/boxDetected {"boxDetected": false}
2026-07-23 13:10:24,953 Station_01 simulation/Station_01/isMoving {"isMoving": false}
2026-07-23 13:10:24,955 Station_01 simulation/Station_01/isRunning {"isRunning": true}
2026-07-23 13:10:24,956 Station_01 simulation/Station_01/currentSpeed {"currentSpeed": 1.0}
2026-07-23 13:10:24,957 Station_01 simulation/Station_01/replies/moveBox {"requestId": "f649db0c-bf89-4e6f-a16e-8598bd739830", "stationId": "Station_01", "operation": "moveBox", "status": "completed", "timestamp": 1784801424.956224}
2026-07-23 13:10:31,400 Station_02 simulation/Station_02/boxDetected {"boxDetected": true}
2026-07-23 13:10:31,401 Station_02 simulation/Station_02/isRunning {"isRunning": false}
2026-07-23 13:10:31,402 Station_02 simulation/Station_02/currentSpeed {"currentSpeed": 0.0}
2026-07-23 13:10:31,402 Station_01 simulation/Station_01/boxDetected {"boxDetected": true}
2026-07-23 13:10:31,403 Station_01 simulation/Station_01/isRunning {"isRunning": false}
2026-07-23 13:10:31,403 Station_01 simulation/Station_01/currentSpeed {"currentSpeed": 0.0}
2026-07-23 13:10:31,445 Station_01 simulation/Station_01/replies/moveBox {"requestId": "81c23853-56cc-4f85-bb4d-2a14a04c162b", "stationId": "Station_01", "operation": "moveBox", "status": "started", "timestamp": 1784801431.4448664}
2026-07-23 13:10:31,446 Station_02 simulation/Station_02/replies/moveBox {"requestId": "aa7754ad-380e-4eb0-b031-a0c103996482", "stationId": "Station_02", "operation": "moveBox", "status": "started", "timestamp": 1784801431.4452388}
2026-07-23 13:10:31,448 Station_01 simulation/Station_01/isMoving {"isMoving": true}
2026-07-23 13:10:31,448 Station_02 simulation/Station_02/isMoving {"isMoving": true}
2026-07-23 13:10:34,706 Station_02 simulation/Station_02/boxDetected {"boxDetected": false}
2026-07-23 13:10:34,707 Station_01 simulation/Station_01/boxDetected {"boxDetected": false}
2026-07-23 13:10:36,228 Station_02 simulation/Station_02/boxDetected {"boxDetected": true}
2026-07-23 13:10:36,229 Station_01 simulation/Station_01/boxDetected {"boxDetected": true}
2026-07-23 13:10:36,280 Station_02 simulation/Station_02/boxDetected {"boxDetected": false}
2026-07-23 13:10:36,280 Station_01 simulation/Station_01/boxDetected {"boxDetected": false}
2026-07-23 13:10:36,792 Station_01 simulation/Station_01/boxDetected {"boxDetected": true}
2026-07-23 13:10:36,844 Station_01 simulation/Station_01/boxDetected {"boxDetected": false}
2026-07-23 13:10:44,959 Station_01 simulation/Station_01/isMoving {"isMoving": false}
2026-07-23 13:10:44,959 Station_02 simulation/Station_02/isMoving {"isMoving": false}
2026-07-23 13:10:44,960 Station_01 simulation/Station_01/isRunning {"isRunning": true}
2026-07-23 13:10:44,960 Station_02 simulation/Station_02/isRunning {"isRunning": true}
2026-07-23 13:10:44,961 Station_01 simulation/Station_01/currentSpeed {"currentSpeed": 1.0}
2026-07-23 13:10:44,961 Station_02 simulation/Station_02/currentSpeed {"currentSpeed": 1.0}
2026-07-23 13:10:44,962 Station_01 simulation/Station_01/replies/moveBox {"requestId": "81c23853-56cc-4f85-bb4d-2a14a04c162b", "stationId": "Station_01", "operation": "moveBox", "status": "completed", "timestamp": 1784801444.961536}
2026-07-23 13:10:44,962 Station_02 simulation/Station_02/replies/moveBox {"requestId": "aa7754ad-380e-4eb0-b031-a0c103996482", "stationId": "Station_02", "operation": "moveBox", "status": "completed", "timestamp": 1784801444.9617896}
